server/_core/index.ts(1,23): error TS2307: Cannot find module 'express-basic-auth' or its corresponding type declarations.
