drizzle/schema.ts(3,3): error TS2305: Module '"drizzle-orm/sqlite-core"' has no exported member 'mysqlEnum'.
drizzle/schema.ts(6,3): error TS2305: Module '"drizzle-orm/sqlite-core"' has no exported member 'timestamp'.
drizzle/schema.ts(7,3): error TS2305: Module '"drizzle-orm/sqlite-core"' has no exported member 'varchar'.
drizzle/schema.ts(8,3): error TS2305: Module '"drizzle-orm/sqlite-core"' has no exported member 'json'.
drizzle/schema.ts(9,3): error TS2305: Module '"drizzle-orm/sqlite-core"' has no exported member 'boolean'.
drizzle/schema.ts(13,7): error TS2304: Cannot find name 'integer'.
drizzle/schema.ts(19,14): error TS2304: Cannot find name 'integer'.
drizzle/schema.ts(20,14): error TS2304: Cannot find name 'integer'.
drizzle/schema.ts(21,17): error TS2304: Cannot find name 'integer'.
drizzle/schema.ts(28,7): error TS2304: Cannot find name 'integer'.
drizzle/schema.ts(44,22): error TS2304: Cannot find name 'integer'.
drizzle/schema.ts(54,19): error TS2304: Cannot find name 'integer'.
drizzle/schema.ts(55,14): error TS2304: Cannot find name 'integer'.
drizzle/schema.ts(56,14): error TS2304: Cannot find name 'integer'.
drizzle/schema.ts(63,7): error TS2304: Cannot find name 'integer'.
drizzle/schema.ts(69,15): error TS2304: Cannot find name 'integer'.
drizzle/schema.ts(73,13): error TS2304: Cannot find name 'integer'.
drizzle/schema.ts(74,15): error TS2304: Cannot find name 'integer'.
drizzle/schema.ts(75,15): error TS2304: Cannot find name 'integer'.
drizzle/schema.ts(77,14): error TS2304: Cannot find name 'integer'.
drizzle/schema.ts(78,14): error TS2304: Cannot find name 'integer'.
drizzle/schema.ts(85,7): error TS2304: Cannot find name 'integer'.
drizzle/schema.ts(86,11): error TS2304: Cannot find name 'integer'.
drizzle/schema.ts(92,14): error TS2304: Cannot find name 'integer'.
drizzle/schema.ts(93,14): error TS2304: Cannot find name 'integer'.
drizzle/schema.ts(100,7): error TS2304: Cannot find name 'integer'.
drizzle/schema.ts(101,11): error TS2304: Cannot find name 'integer'.
drizzle/schema.ts(104,13): error TS2304: Cannot find name 'integer'.
drizzle/schema.ts(105,14): error TS2304: Cannot find name 'integer'.
drizzle/schema.ts(106,14): error TS2304: Cannot find name 'integer'.
